src/app/(main)/messages/page.tsx(234,11): error TS2322: Type '{ id: any; content: any; sender_id: any; sent_at: any; is_mine: boolean; status: string; type: MessageType; media_url: any; }[]' is not assignable to type 'ChatMessage[]'.
  Type '{ id: any; content: any; sender_id: any; sent_at: any; is_mine: boolean; status: string; type: MessageType; media_url: any; }' is not assignable to type 'ChatMessage'.
    Types of property 'status' are incompatible.
      Type 'string' is not assignable to type 'MessageStatus'.
src/app/(main)/messages/page.tsx(244,9): error TS2322: Type '"voice"' is not assignable to type 'MessageType'.
